This file contains any messages produced by compilers while
running configure, to aid debugging if configure makes a mistake.

It was created by libfproj4 configure 1.0, which was
generated by GNU Autoconf 2.63.  Invocation command line was

  $ ./configure CC=icc FC=ifort CFLAGS=-DIFORT -g -w -O2 proj4=/save/patrick/nosofs.v3.6.6/sorc/FVCOM.fd/FVCOM_source/libs/proj.4-master --prefix=/save/patrick/nosofs.v3.6.6/sorc/FVCOM.fd/FVCOM_source/libs/proj4-fortran-master

## --------- ##
## Platform. ##
## --------- ##

hostname = ip-10-0-0-161.us-east-2.compute.internal
uname -m = x86_64
uname -r = 4.18.0-553.60.1.el8_10.x86_64
uname -s = Linux
uname -v = #1 SMP Fri Jun 27 05:59:19 EDT 2025

/usr/bin/uname -p = x86_64
/bin/uname -X     = unknown

/bin/arch              = x86_64
/usr/bin/arch -k       = unknown
/usr/convex/getsysinfo = unknown
/usr/bin/hostinfo      = unknown
/bin/machine           = unknown
/usr/bin/oslevel       = unknown
/bin/universe          = unknown

PATH: /mnt/efs/fs1/save/environments/spack.v0.22.5/opt/spack/__spack_path_place/linux-rhel8-x86_64/gcc-11.2.1/wgrib2-3.1.1-hhe27py2uzzksrpnuywpiezrcukq6frj/bin
PATH: /mnt/efs/fs1/save/environments/spack.v0.22.5/opt/spack/__spack_path_place/linux-rhel8-x86_64/oneapi-2023.1.0/prod-util-2.1.1-ntmzgvxcyzhr6mwvceewqtpdqegpo3cw/bin
PATH: /mnt/efs/fs1/save/environments/spack.v0.22.5/opt/spack/__spack_path_place/linux-rhel8-x86_64/oneapi-2023.1.0/jasper-3.0.3-selqwrc5mjdbxwcoip5kcio4yeligpmi/bin
PATH: /mnt/efs/fs1/save/environments/spack.v0.22.5/opt/spack/__spack_path_place/linux-rhel8-x86_64/oneapi-2023.1.0/libjpeg-turbo-3.0.0-lkbls3mivzctxjiamqwbm4bqnvhlmwsc/bin
PATH: /mnt/efs/fs1/save/environments/spack.v0.22.5/opt/spack/__spack_path_place/linux-rhel8-x86_64/oneapi-2023.1.0/bufr-12.0.1-ywe3auhnrducipyhhyoh7m4pqq5isoyz/bin
PATH: /mnt/efs/fs1/save/environments/spack.v0.22.5/opt/spack/__spack_path_place/linux-rhel8-x86_64/oneapi-2023.1.0/libpng-1.6.39-n3gzlbgf6k3ldkwgan4q25kzpbbissva/bin
PATH: /mnt/efs/fs1/save/environments/spack.v0.22.5/opt/spack/__spack_path_place/linux-rhel8-x86_64/intel-2021.9.0/metis-5.1.0-fdsd6irtc7ukcwpy4ehuwsgxwqd5g33z/bin
PATH: /mnt/efs/fs1/save/environments/spack.v0.22.5/opt/spack/__spack_path_place/linux-rhel8-x86_64/intel-2021.9.0/netcdf-fortran-4.6.1-cpxxwcig5kifogteqpenkxw35q6tthgt/bin
PATH: /mnt/efs/fs1/save/environments/spack.v0.22.5/opt/spack/__spack_path_place/linux-rhel8-x86_64/intel-2021.9.0/netcdf-c-4.9.2-vkckbzk37srvezgw4yt7existfejyque/bin
PATH: /mnt/efs/fs1/save/environments/spack.v0.22.5/opt/spack/__spack_path_place/linux-rhel8-x86_64/intel-2021.9.0/libaec-1.0.6-hqfpltzb6l6ssyrlh62ykotxw6phdoch/bin
PATH: /mnt/efs/fs1/save/environments/spack.v0.22.5/opt/spack/__spack_path_place/linux-rhel8-x86_64/intel-2021.9.0/hdf5-1.14.3-jjst2zszbb56s6p662favryxttbtosfn/bin
PATH: /mnt/efs/fs1/save/environments/spack.v0.22.5/opt/spack/__spack_path_place/linux-rhel8-x86_64/intel-2021.9.0/pkgconf-2.2.0-s7445l2q5cz26gzstp7foewsb3isf5ii/bin
PATH: /mnt/efs/fs1/save/environments/spack.v0.22.5/opt/spack/__spack_path_place/linux-rhel8-x86_64/intel-2021.9.0/intel-oneapi-mpi-2021.12.1-6nra3z4zqx5yvtxykhbeueq64da6xvmu/mpi/2021.12/bin
PATH: /mnt/efs/fs1/save/environments/spack.v0.22.5/opt/spack/__spack_path_place/linux-rhel8-x86_64/intel-2021.9.0/lz4-1.9.4-cu6cmc3o5rto2755p5nhxcxvpewnazg2/bin
PATH: /mnt/efs/fs1/save/environments/spack.v0.22.5/opt/spack/__spack_path_place/linux-rhel8-x86_64/intel-2021.9.0/bzip2-1.0.8-cupkwjhys7nnid5qyvjpvf3cv36n4p5w/bin
PATH: /mnt/efs/fs1/save/environments/spack.v0.22.5/opt/spack/__spack_path_place/linux-rhel8-x86_64/oneapi-2023.1.0/intel-oneapi-mkl-2023.1.0-ueed5wr45skemrbctnhqb4chdiew2jti/mkl/2023.1.0/bin/intel64
PATH: /mnt/efs/fs1/save/environments/spack.v0.22.5/opt/spack/__spack_path_place/linux-rhel8-x86_64/gcc-11.2.1/hwloc-2.9.1-ewlvlihrsph2sg2oubl3dqzre2ri53hy/bin
PATH: /mnt/efs/fs1/save/environments/spack.v0.22.5/opt/spack/__spack_path_place/linux-rhel8-x86_64/intel-2021.9.0/ncurses-6.5-z2nbulgmrh4u5pz2qeirc7o7rcwppamx/bin
PATH: /mnt/efs/fs1/save/environments/spack.v0.22.5/opt/spack/__spack_path_place/linux-rhel8-x86_64/gcc-11.2.1/libxml2-2.10.3-m7jzqfj636ubstezimlpgtezldercckw/bin
PATH: /mnt/efs/fs1/save/environments/spack.v0.22.5/opt/spack/__spack_path_place/linux-rhel8-x86_64/intel-2021.9.0/xz-5.4.6-cqgbadcavhnsucawox4g7ifrd4ttrw74/bin
PATH: /mnt/efs/fs1/save/environments/spack.v0.22.5/opt/spack/__spack_path_place/linux-rhel8-x86_64/intel-2021.9.0/libiconv-1.17-g63ay6neuujsr77qwkyfk6szp2es7xmw/bin
PATH: /mnt/efs/fs1/save/environments/spack.v0.22.5/opt/spack/__spack_path_place/linux-rhel8-x86_64/gcc-11.2.1/intel-oneapi-compilers-2023.1.0-3rbcwfi7uuxvqgntbpytpylhmns3vg6l/compiler/2023.1.0/linux/lib/oclfpga/bin
PATH: /mnt/efs/fs1/save/environments/spack.v0.22.5/opt/spack/__spack_path_place/linux-rhel8-x86_64/gcc-11.2.1/intel-oneapi-compilers-2023.1.0-3rbcwfi7uuxvqgntbpytpylhmns3vg6l/compiler/2023.1.0/linux/bin/intel64
PATH: /mnt/efs/fs1/save/environments/spack.v0.22.5/opt/spack/__spack_path_place/linux-rhel8-x86_64/gcc-11.2.1/intel-oneapi-compilers-2023.1.0-3rbcwfi7uuxvqgntbpytpylhmns3vg6l/compiler/2023.1.0/linux/bin
PATH: /mnt/efs/fs1/save/environments/spack.v0.22.5/bin
PATH: /save/environments/spack.v0.22.5/bin
PATH: /home/patrick/.local/bin
PATH: /home/patrick/bin
PATH: /usr/share/Modules/bin
PATH: /usr/local/bin
PATH: /usr/bin
PATH: /usr/local/sbin
PATH: /usr/sbin


## ----------- ##
## Core tests. ##
## ----------- ##

configure:1844: checking for a BSD-compatible install
configure:1912: result: /usr/bin/install -c
configure:1923: checking whether build environment is sane
configure:1983: result: yes
configure:2124: checking for a thread-safe mkdir -p
configure:2163: result: /usr/bin/mkdir -p
configure:2176: checking for gawk
configure:2192: found /usr/bin/gawk
configure:2203: result: gawk
configure:2214: checking whether make sets $(MAKE)
configure:2236: result: yes
configure:2366: checking for gcc
configure:2393: result: icc
configure:2625: checking for C compiler version
configure:2633: icc --version >&5
icc: remark #10441: The Intel(R) C++ Compiler Classic (ICC) is deprecated and will be removed from product release in the second half of 2023. The Intel(R) oneAPI DPC++/C++ Compiler (ICX) is the recommended compiler moving forward. Please transition to use this compiler. Use '-diag-disable=10441' to disable this message.
icc (ICC) 2021.9.0 20230302
Copyright (C) 1985-2023 Intel Corporation.  All rights reserved.

configure:2637: $? = 0
configure:2644: icc -v >&5
icc: remark #10441: The Intel(R) C++ Compiler Classic (ICC) is deprecated and will be removed from product release in the second half of 2023. The Intel(R) oneAPI DPC++/C++ Compiler (ICX) is the recommended compiler moving forward. Please transition to use this compiler. Use '-diag-disable=10441' to disable this message.
icc version 2021.9.0 (gcc version 11.2.1 compatibility)
ld    /lib/../lib64/crt1.o /lib/../lib64/crti.o /opt/rh/gcc-toolset-11/root/usr/lib/gcc/x86_64-redhat-linux/11/crtbegin.o --eh-frame-hdr --build-id -dynamic-linker /lib64/ld-linux-x86-64.so.2 -m elf_x86_64 -o a.out -L/mnt/efs/fs1/save/environments/spack.v0.22.5/opt/spack/__spack_path_place/linux-rhel8-x86_64/intel-2021.9.0/intel-oneapi-mpi-2021.12.1-6nra3z4zqx5yvtxykhbeueq64da6xvmu/mpi/2021.12/lib -L/mnt/efs/fs1/save/environments/spack.v0.22.5/opt/spack/__spack_path_place/linux-rhel8-x86_64/oneapi-2023.1.0/intel-oneapi-mkl-2023.1.0-ueed5wr45skemrbctnhqb4chdiew2jti/mkl/2023.1.0/lib/intel64 -L/mnt/efs/fs1/save/environments/spack.v0.22.5/opt/spack/__spack_path_place/linux-rhel8-x86_64/gcc-11.2.1/intel-oneapi-compilers-2023.1.0-3rbcwfi7uuxvqgntbpytpylhmns3vg6l/compiler/2023.1.0/linux/compiler/lib/intel64_lin -L/mnt/efs/fs1/save/environments/spack.v0.22.5/opt/spack/__spack_path_place/linux-rhel8-x86_64/gcc-11.2.1/intel-oneapi-compilers-2023.1.0-3rbcwfi7uuxvqgntbpytpylhmns3vg6l/compiler/2023.1.0/linux/lib -L/mnt/efs/fs1/save/environments/spack.v0.22.5/opt/spack/__spack_path_place/linux-rhel8-x86_64/gcc-11.2.1/intel-oneapi-compilers-2023.1.0-3rbcwfi7uuxvqgntbpytpylhmns3vg6l/compiler/2023.1.0/linux/bin/intel64/../../compiler/lib/intel64_lin -L/opt/rh/gcc-toolset-11/root/usr/lib/gcc/x86_64-redhat-linux/11/ -L/opt/rh/gcc-toolset-11/root/usr/lib/gcc/x86_64-redhat-linux/11/../../../../lib64 -L/opt/rh/gcc-toolset-11/root/usr/lib/gcc/x86_64-redhat-linux/11/../../../../lib64/ -L/lib/../lib64 -L/lib/../lib64/ -L/usr/lib/../lib64 -L/usr/lib/../lib64/ -L/mnt/efs/fs1/save/environments/spack.v0.22.5/opt/spack/__spack_path_place/linux-rhel8-x86_64/intel-2021.9.0/intel-oneapi-mpi-2021.12.1-6nra3z4zqx5yvtxykhbeueq64da6xvmu/mpi/2021.12/lib/ -L/mnt/efs/fs1/save/environments/spack.v0.22.5/opt/spack/__spack_path_place/linux-rhel8-x86_64/oneapi-2023.1.0/intel-oneapi-mkl-2023.1.0-ueed5wr45skemrbctnhqb4chdiew2jti/mkl/2023.1.0/lib/intel64/ -L/mnt/efs/fs1/save/environments/spack.v0.22.5/opt/spack/__spack_path_place/linux-rhel8-x86_64/gcc-11.2.1/intel-oneapi-compilers-2023.1.0-3rbcwfi7uuxvqgntbpytpylhmns3vg6l/compiler/2023.1.0/linux/compiler/lib/intel64_lin/ -L/mnt/efs/fs1/save/environments/spack.v0.22.5/opt/spack/__spack_path_place/linux-rhel8-x86_64/gcc-11.2.1/intel-oneapi-compilers-2023.1.0-3rbcwfi7uuxvqgntbpytpylhmns3vg6l/compiler/2023.1.0/linux/lib/ -L/opt/rh/gcc-toolset-11/root/usr/lib/gcc/x86_64-redhat-linux/11/../../../ -L/lib64 -L/lib/ -L/usr/lib64 -L/usr/lib -rpath /mnt/efs/fs1/save/environments/spack.v0.22.5/opt/spack/__spack_path_place/linux-rhel8-x86_64/gcc-11.2.1/intel-oneapi-compilers-2023.1.0-3rbcwfi7uuxvqgntbpytpylhmns3vg6l/compiler/2023.1.0/linux/lib -rpath /mnt/efs/fs1/save/environments/spack.v0.22.5/opt/spack/__spack_path_place/linux-rhel8-x86_64/gcc-11.2.1/intel-oneapi-compilers-2023.1.0-3rbcwfi7uuxvqgntbpytpylhmns3vg6l/compiler/2023.1.0/linux/lib/x64 -rpath /mnt/efs/fs1/save/environments/spack.v0.22.5/opt/spack/__spack_path_place/linux-rhel8-x86_64/gcc-11.2.1/intel-oneapi-compilers-2023.1.0-3rbcwfi7uuxvqgntbpytpylhmns3vg6l/compiler/2023.1.0/linux/lib/oclfpga/host/linux64/lib -rpath /mnt/efs/fs1/save/environments/spack.v0.22.5/opt/spack/__spack_path_place/linux-rhel8-x86_64/gcc-11.2.1/intel-oneapi-compilers-2023.1.0-3rbcwfi7uuxvqgntbpytpylhmns3vg6l/compiler/2023.1.0/linux/lib/oclfpga/linux64/lib -rpath /mnt/efs/fs1/save/environments/spack.v0.22.5/opt/spack/__spack_path_place/linux-rhel8-x86_64/gcc-11.2.1/intel-oneapi-compilers-2023.1.0-3rbcwfi7uuxvqgntbpytpylhmns3vg6l/compiler/2023.1.0/linux/compiler/lib/intel64_lin -Bdynamic -Bstatic -limf -lsvml -lirng -Bdynamic -lm -Bstatic -lipgo -ldecimal --as-needed -Bdynamic -lcilkrts -lstdc++ --no-as-needed -lgcc -lgcc_s -Bstatic -lirc -lsvml -Bdynamic -lc -lgcc -lgcc_s -Bstatic -lirc_s -Bdynamic -ldl -lc /opt/rh/gcc-toolset-11/root/usr/lib/gcc/x86_64-redhat-linux/11/crtend.o /lib/../lib64/crtn.o
/lib/../lib64/crt1.o: In function `_start':
(.text+0x24): undefined reference to `main'
configure:2648: $? = 1
configure:2655: icc -V >&5
Intel(R) C Intel(R) 64 Compiler Classic for applications running on Intel(R) 64, Version 2021.9.0 Build 20230302_000000
Copyright (C) 1985-2023 Intel Corporation.  All rights reserved.

icc: remark #10441: The Intel(R) C++ Compiler Classic (ICC) is deprecated and will be removed from product release in the second half of 2023. The Intel(R) oneAPI DPC++/C++ Compiler (ICX) is the recommended compiler moving forward. Please transition to use this compiler. Use '-diag-disable=10441' to disable this message.
GNU ld version 2.30-125.el8_10
/lib/../lib64/crt1.o: In function `_start':
(.text+0x24): undefined reference to `main'
configure:2659: $? = 1
configure:2682: checking for C compiler default output file name
configure:2704: icc -DIFORT -g -w -O2   conftest.c  >&5
icc: remark #10441: The Intel(R) C++ Compiler Classic (ICC) is deprecated and will be removed from product release in the second half of 2023. The Intel(R) oneAPI DPC++/C++ Compiler (ICX) is the recommended compiler moving forward. Please transition to use this compiler. Use '-diag-disable=10441' to disable this message.
configure:2708: $? = 0
configure:2746: result: a.out
configure:2765: checking whether the C compiler works
configure:2775: ./a.out
configure:2779: $? = 0
configure:2798: result: yes
configure:2805: checking whether we are cross compiling
configure:2807: result: no
configure:2810: checking for suffix of executables
configure:2817: icc -o conftest -DIFORT -g -w -O2   conftest.c  >&5
icc: remark #10441: The Intel(R) C++ Compiler Classic (ICC) is deprecated and will be removed from product release in the second half of 2023. The Intel(R) oneAPI DPC++/C++ Compiler (ICX) is the recommended compiler moving forward. Please transition to use this compiler. Use '-diag-disable=10441' to disable this message.
configure:2821: $? = 0
configure:2847: result: 
configure:2853: checking for suffix of object files
configure:2879: icc -c -DIFORT -g -w -O2  conftest.c >&5
icc: remark #10441: The Intel(R) C++ Compiler Classic (ICC) is deprecated and will be removed from product release in the second half of 2023. The Intel(R) oneAPI DPC++/C++ Compiler (ICX) is the recommended compiler moving forward. Please transition to use this compiler. Use '-diag-disable=10441' to disable this message.
configure:2883: $? = 0
configure:2908: result: o
configure:2912: checking whether we are using the GNU C compiler
configure:2941: icc -c -DIFORT -g -w -O2  conftest.c >&5
icc: remark #10441: The Intel(R) C++ Compiler Classic (ICC) is deprecated and will be removed from product release in the second half of 2023. The Intel(R) oneAPI DPC++/C++ Compiler (ICX) is the recommended compiler moving forward. Please transition to use this compiler. Use '-diag-disable=10441' to disable this message.
configure:2948: $? = 0
configure:2965: result: yes
configure:2974: checking whether icc accepts -g
configure:3004: icc -c -g  conftest.c >&5
icc: remark #10441: The Intel(R) C++ Compiler Classic (ICC) is deprecated and will be removed from product release in the second half of 2023. The Intel(R) oneAPI DPC++/C++ Compiler (ICX) is the recommended compiler moving forward. Please transition to use this compiler. Use '-diag-disable=10441' to disable this message.
configure:3011: $? = 0
configure: failed program was:
| /* confdefs.h.  */
| #define PACKAGE_NAME "libfproj4"
| #define PACKAGE_TARNAME "libfproj4"
| #define PACKAGE_VERSION "1.0"
| #define PACKAGE_STRING "libfproj4 1.0"
| #define PACKAGE_BUGREPORT "Magnus.Hagdorn@ed.ac.uk"
| #define PACKAGE "libfproj4"
| #define VERSION "1.0"
| /* end confdefs.h.  */
| 
| int
| main ()
| {
| 
|   ;
|   return 0;
| }
configure:3043: icc -c   conftest.c >&5
icc: remark #10441: The Intel(R) C++ Compiler Classic (ICC) is deprecated and will be removed from product release in the second half of 2023. The Intel(R) oneAPI DPC++/C++ Compiler (ICX) is the recommended compiler moving forward. Please transition to use this compiler. Use '-diag-disable=10441' to disable this message.
configure:3050: $? = 0
configure: failed program was:
| /* confdefs.h.  */
| #define PACKAGE_NAME "libfproj4"
| #define PACKAGE_TARNAME "libfproj4"
| #define PACKAGE_VERSION "1.0"
| #define PACKAGE_STRING "libfproj4 1.0"
| #define PACKAGE_BUGREPORT "Magnus.Hagdorn@ed.ac.uk"
| #define PACKAGE "libfproj4"
| #define VERSION "1.0"
| /* end confdefs.h.  */
| 
| int
| main ()
| {
| 
|   ;
|   return 0;
| }
configure:3083: icc -c -g  conftest.c >&5
icc: remark #10441: The Intel(R) C++ Compiler Classic (ICC) is deprecated and will be removed from product release in the second half of 2023. The Intel(R) oneAPI DPC++/C++ Compiler (ICX) is the recommended compiler moving forward. Please transition to use this compiler. Use '-diag-disable=10441' to disable this message.
configure:3090: $? = 0
configure:3112: result: yes
configure:3129: checking for icc option to accept ISO C89
configure:3203: icc  -c -DIFORT -g -w -O2  conftest.c >&5
icc: remark #10441: The Intel(R) C++ Compiler Classic (ICC) is deprecated and will be removed from product release in the second half of 2023. The Intel(R) oneAPI DPC++/C++ Compiler (ICX) is the recommended compiler moving forward. Please transition to use this compiler. Use '-diag-disable=10441' to disable this message.
configure:3210: $? = 0
configure:3233: result: none needed
configure:3262: checking for style of include used by make
configure:3290: result: GNU
configure:3315: checking dependency style of icc
configure:3425: result: gcc3
configure:3483: checking for ranlib
configure:3499: found /usr/bin/ranlib
configure:3510: result: ranlib
configure:3638: checking for Fortran compiler version
configure:3646: ifort --version >&5
ifort (IFORT) 2021.9.0 20230302
Copyright (C) 1985-2023 Intel Corporation.  All rights reserved.

configure:3650: $? = 0
configure:3657: ifort -v >&5
ifort version 2021.9.0
ld    /lib/../lib64/crt1.o /lib/../lib64/crti.o /opt/rh/gcc-toolset-11/root/usr/lib/gcc/x86_64-redhat-linux/11/crtbegin.o --eh-frame-hdr --build-id -dynamic-linker /lib64/ld-linux-x86-64.so.2 -m elf_x86_64 -plugin /mnt/efs/fs1/save/environments/spack.v0.22.5/opt/spack/__spack_path_place/linux-rhel8-x86_64/gcc-11.2.1/intel-oneapi-compilers-2023.1.0-3rbcwfi7uuxvqgntbpytpylhmns3vg6l/compiler/2023.1.0/linux/bin/intel64/../../bin/intel64/../../lib/icx-lto.so -o a.out /mnt/efs/fs1/save/environments/spack.v0.22.5/opt/spack/__spack_path_place/linux-rhel8-x86_64/gcc-11.2.1/intel-oneapi-compilers-2023.1.0-3rbcwfi7uuxvqgntbpytpylhmns3vg6l/compiler/2023.1.0/linux/bin/intel64/../../compiler/lib/intel64_lin/for_main.o -L/mnt/efs/fs1/save/environments/spack.v0.22.5/opt/spack/__spack_path_place/linux-rhel8-x86_64/intel-2021.9.0/intel-oneapi-mpi-2021.12.1-6nra3z4zqx5yvtxykhbeueq64da6xvmu/mpi/2021.12/lib -L/mnt/efs/fs1/save/environments/spack.v0.22.5/opt/spack/__spack_path_place/linux-rhel8-x86_64/oneapi-2023.1.0/intel-oneapi-mkl-2023.1.0-ueed5wr45skemrbctnhqb4chdiew2jti/mkl/2023.1.0/lib/intel64 -L/mnt/efs/fs1/save/environments/spack.v0.22.5/opt/spack/__spack_path_place/linux-rhel8-x86_64/gcc-11.2.1/intel-oneapi-compilers-2023.1.0-3rbcwfi7uuxvqgntbpytpylhmns3vg6l/compiler/2023.1.0/linux/compiler/lib/intel64_lin -L/mnt/efs/fs1/save/environments/spack.v0.22.5/opt/spack/__spack_path_place/linux-rhel8-x86_64/gcc-11.2.1/intel-oneapi-compilers-2023.1.0-3rbcwfi7uuxvqgntbpytpylhmns3vg6l/compiler/2023.1.0/linux/lib -L/mnt/efs/fs1/save/environments/spack.v0.22.5/opt/spack/__spack_path_place/linux-rhel8-x86_64/gcc-11.2.1/intel-oneapi-compilers-2023.1.0-3rbcwfi7uuxvqgntbpytpylhmns3vg6l/compiler/2023.1.0/linux/bin/intel64/../../compiler/lib/intel64_lin -L/opt/rh/gcc-toolset-11/root/usr/lib/gcc/x86_64-redhat-linux/11/ -L/opt/rh/gcc-toolset-11/root/usr/lib/gcc/x86_64-redhat-linux/11/../../../../lib64 -L/opt/rh/gcc-toolset-11/root/usr/lib/gcc/x86_64-redhat-linux/11/../../../../lib64/ -L/lib/../lib64 -L/lib/../lib64/ -L/usr/lib/../lib64 -L/usr/lib/../lib64/ -L/mnt/efs/fs1/save/environments/spack.v0.22.5/opt/spack/__spack_path_place/linux-rhel8-x86_64/intel-2021.9.0/intel-oneapi-mpi-2021.12.1-6nra3z4zqx5yvtxykhbeueq64da6xvmu/mpi/2021.12/lib/ -L/mnt/efs/fs1/save/environments/spack.v0.22.5/opt/spack/__spack_path_place/linux-rhel8-x86_64/oneapi-2023.1.0/intel-oneapi-mkl-2023.1.0-ueed5wr45skemrbctnhqb4chdiew2jti/mkl/2023.1.0/lib/intel64/ -L/mnt/efs/fs1/save/environments/spack.v0.22.5/opt/spack/__spack_path_place/linux-rhel8-x86_64/gcc-11.2.1/intel-oneapi-compilers-2023.1.0-3rbcwfi7uuxvqgntbpytpylhmns3vg6l/compiler/2023.1.0/linux/compiler/lib/intel64_lin/ -L/mnt/efs/fs1/save/environments/spack.v0.22.5/opt/spack/__spack_path_place/linux-rhel8-x86_64/gcc-11.2.1/intel-oneapi-compilers-2023.1.0-3rbcwfi7uuxvqgntbpytpylhmns3vg6l/compiler/2023.1.0/linux/lib/ -L/opt/rh/gcc-toolset-11/root/usr/lib/gcc/x86_64-redhat-linux/11/../../../ -L/lib64 -L/lib/ -L/usr/lib64 -L/usr/lib -rpath /mnt/efs/fs1/save/environments/spack.v0.22.5/opt/spack/__spack_path_place/linux-rhel8-x86_64/gcc-11.2.1/intel-oneapi-compilers-2023.1.0-3rbcwfi7uuxvqgntbpytpylhmns3vg6l/compiler/2023.1.0/linux/lib -rpath /mnt/efs/fs1/save/environments/spack.v0.22.5/opt/spack/__spack_path_place/linux-rhel8-x86_64/gcc-11.2.1/intel-oneapi-compilers-2023.1.0-3rbcwfi7uuxvqgntbpytpylhmns3vg6l/compiler/2023.1.0/linux/lib/x64 -rpath /mnt/efs/fs1/save/environments/spack.v0.22.5/opt/spack/__spack_path_place/linux-rhel8-x86_64/gcc-11.2.1/intel-oneapi-compilers-2023.1.0-3rbcwfi7uuxvqgntbpytpylhmns3vg6l/compiler/2023.1.0/linux/lib/oclfpga/host/linux64/lib -rpath /mnt/efs/fs1/save/environments/spack.v0.22.5/opt/spack/__spack_path_place/linux-rhel8-x86_64/gcc-11.2.1/intel-oneapi-compilers-2023.1.0-3rbcwfi7uuxvqgntbpytpylhmns3vg6l/compiler/2023.1.0/linux/lib/oclfpga/linux64/lib -rpath /mnt/efs/fs1/save/environments/spack.v0.22.5/opt/spack/__spack_path_place/linux-rhel8-x86_64/gcc-11.2.1/intel-oneapi-compilers-2023.1.0-3rbcwfi7uuxvqgntbpytpylhmns3vg6l/compiler/2023.1.0/linux/compiler/lib/intel64_lin -Bdynamic -Bstatic -lifport -lifcoremt -limf -lsvml -Bdynamic -lm -Bstatic -lipgo -lirc -Bdynamic -lpthread -Bstatic -lsvml -Bdynamic -lc -lgcc -lgcc_s -Bstatic -lirc_s -Bdynamic -ldl -lc /opt/rh/gcc-toolset-11/root/usr/lib/gcc/x86_64-redhat-linux/11/crtend.o /lib/../lib64/crtn.o
/mnt/efs/fs1/save/environments/spack.v0.22.5/opt/spack/__spack_path_place/linux-rhel8-x86_64/gcc-11.2.1/intel-oneapi-compilers-2023.1.0-3rbcwfi7uuxvqgntbpytpylhmns3vg6l/compiler/2023.1.0/linux/bin/intel64/../../compiler/lib/intel64_lin/for_main.o: In function `main':
for_main.c:(.text+0x19): undefined reference to `MAIN__'
configure:3661: $? = 1
configure:3668: ifort -V >&5
Intel(R) Fortran Intel(R) 64 Compiler Classic for applications running on Intel(R) 64, Version 2021.9.0 Build 20230302_000000
Copyright (C) 1985-2023 Intel Corporation.  All rights reserved.

GNU ld version 2.30-125.el8_10
/mnt/efs/fs1/save/environments/spack.v0.22.5/opt/spack/__spack_path_place/linux-rhel8-x86_64/gcc-11.2.1/intel-oneapi-compilers-2023.1.0-3rbcwfi7uuxvqgntbpytpylhmns3vg6l/compiler/2023.1.0/linux/bin/intel64/../../compiler/lib/intel64_lin/for_main.o: In function `main':
for_main.c:(.text+0x19): undefined reference to `MAIN__'
configure:3672: $? = 1
configure:3680: checking whether we are using the GNU Fortran compiler
configure:3699: ifort -c   conftest.F >&5
conftest.F(3): error #5082: Syntax error, found END-OF-STATEMENT when expecting one of: ( : % [ . = =>
       choke me
---------------^
conftest.F(3): error #6218: This statement is positioned incorrectly and/or has syntax errors.
       choke me
-------^
compilation aborted for conftest.F (code 1)
configure:3706: $? = 1
configure: failed program was:
|       program main
| #ifndef __GNUC__
|        choke me
| #endif
| 
|       end
configure:3723: result: no
configure:3729: checking whether ifort accepts -g
configure:3746: ifort -c -g  conftest.f >&5
configure:3753: $? = 0
configure:3769: result: yes
configure:3803: checking for Fortran flag to compile .f90 files
configure:3825: ifort -c -g  conftest.f90 >&5
configure:3832: $? = 0
configure:3851: result: none
configure:3885: ifort -c -g  conftest.f90 >&5
configure:3892: $? = 0
configure:3920: checking for exp in -lm
configure:3955: icc -o conftest -DIFORT -g -w -O2   conftest.c -lm   >&5
icc: remark #10441: The Intel(R) C++ Compiler Classic (ICC) is deprecated and will be removed from product release in the second half of 2023. The Intel(R) oneAPI DPC++/C++ Compiler (ICX) is the recommended compiler moving forward. Please transition to use this compiler. Use '-diag-disable=10441' to disable this message.
configure:3962: $? = 0
configure:3983: result: yes
configure:4001: result: proj4 location: /save/patrick/nosofs.v3.6.6/sorc/FVCOM.fd/FVCOM_source/libs/proj.4-master
configure:4008: checking for pj_init in -lproj
configure:4043: icc -o conftest -DIFORT -g -w -O2  -I/save/patrick/nosofs.v3.6.6/sorc/FVCOM.fd/FVCOM_source/libs/proj.4-master/include  -L/save/patrick/nosofs.v3.6.6/sorc/FVCOM.fd/FVCOM_source/libs/proj.4-master/lib conftest.c -lproj  -lm  >&5
icc: remark #10441: The Intel(R) C++ Compiler Classic (ICC) is deprecated and will be removed from product release in the second half of 2023. The Intel(R) oneAPI DPC++/C++ Compiler (ICX) is the recommended compiler moving forward. Please transition to use this compiler. Use '-diag-disable=10441' to disable this message.
configure:4050: $? = 0
configure:4071: result: yes
configure:4253: creating ./config.status

## ---------------------- ##
## Running config.status. ##
## ---------------------- ##

This file was extended by libfproj4 config.status 1.0, which was
generated by GNU Autoconf 2.63.  Invocation command line was

  CONFIG_FILES    = 
  CONFIG_HEADERS  = 
  CONFIG_LINKS    = 
  CONFIG_COMMANDS = 
  $ ./config.status 

on ip-10-0-0-161.us-east-2.compute.internal

config.status:694: creating Makefile
config.status:905: executing depfiles commands

## ---------------- ##
## Cache variables. ##
## ---------------- ##

ac_cv_c_compiler_gnu=yes
ac_cv_env_CC_set=set
ac_cv_env_CC_value=icc
ac_cv_env_CFLAGS_set=set
ac_cv_env_CFLAGS_value='-DIFORT -g -w -O2'
ac_cv_env_CPPFLAGS_set=
ac_cv_env_CPPFLAGS_value=
ac_cv_env_FCFLAGS_set=
ac_cv_env_FCFLAGS_value=
ac_cv_env_FC_set=set
ac_cv_env_FC_value=ifort
ac_cv_env_LDFLAGS_set=
ac_cv_env_LDFLAGS_value=
ac_cv_env_LIBS_set=
ac_cv_env_LIBS_value=
ac_cv_env_build_alias_set=
ac_cv_env_build_alias_value=
ac_cv_env_host_alias_set=
ac_cv_env_host_alias_value=
ac_cv_env_target_alias_set=
ac_cv_env_target_alias_value=
ac_cv_fc_compiler_gnu=no
ac_cv_fc_srcext_f90=none
ac_cv_lib_m_exp=yes
ac_cv_lib_proj_pj_init=yes
ac_cv_objext=o
ac_cv_path_install='/usr/bin/install -c'
ac_cv_path_mkdir=/usr/bin/mkdir
ac_cv_prog_AWK=gawk
ac_cv_prog_ac_ct_CC=icc
ac_cv_prog_ac_ct_RANLIB=ranlib
ac_cv_prog_cc_c89=
ac_cv_prog_cc_g=yes
ac_cv_prog_fc_g=yes
ac_cv_prog_make_make_set=yes
am_cv_CC_dependencies_compiler_type=gcc3

## ----------------- ##
## Output variables. ##
## ----------------- ##

ACLOCAL='${SHELL} /save/patrick/nosofs.v3.6.6/sorc/FVCOM.fd/FVCOM_source/libs/proj4-fortran-master/missing --run aclocal-1.16'
AMDEPBACKSLASH='\'
AMDEP_FALSE='#'
AMDEP_TRUE=''
AMTAR='${SHELL} /save/patrick/nosofs.v3.6.6/sorc/FVCOM.fd/FVCOM_source/libs/proj4-fortran-master/missing --run tar'
AUTOCONF='${SHELL} /save/patrick/nosofs.v3.6.6/sorc/FVCOM.fd/FVCOM_source/libs/proj4-fortran-master/missing --run autoconf'
AUTOHEADER='${SHELL} /save/patrick/nosofs.v3.6.6/sorc/FVCOM.fd/FVCOM_source/libs/proj4-fortran-master/missing --run autoheader'
AUTOMAKE='${SHELL} /save/patrick/nosofs.v3.6.6/sorc/FVCOM.fd/FVCOM_source/libs/proj4-fortran-master/missing --run automake-1.16'
AWK='gawk'
CC='icc'
CCDEPMODE='depmode=gcc3'
CFLAGS='-DIFORT -g -w -O2'
CPPFLAGS=' -I/save/patrick/nosofs.v3.6.6/sorc/FVCOM.fd/FVCOM_source/libs/proj.4-master/include'
CYGPATH_W='echo'
DEFS='-DPACKAGE_NAME=\"libfproj4\" -DPACKAGE_TARNAME=\"libfproj4\" -DPACKAGE_VERSION=\"1.0\" -DPACKAGE_STRING=\"libfproj4\ 1.0\" -DPACKAGE_BUGREPORT=\"Magnus.Hagdorn@ed.ac.uk\" -DPACKAGE=\"libfproj4\" -DVERSION=\"1.0\" -DHAVE_LIBM=1 -DHAVE_LIBPROJ=1'
DEPDIR='.deps'
ECHO_C=''
ECHO_N='-n'
ECHO_T=''
EXEEXT=''
FC='ifort'
FCFLAGS='-g'
FCFLAGS_f90=''
INSTALL_DATA='${INSTALL} -m 644'
INSTALL_PROGRAM='${INSTALL}'
INSTALL_SCRIPT='${INSTALL}'
INSTALL_STRIP_PROGRAM='$(install_sh) -c -s'
LDFLAGS=' -L/save/patrick/nosofs.v3.6.6/sorc/FVCOM.fd/FVCOM_source/libs/proj.4-master/lib'
LIBOBJS=''
LIBS='-lproj -lm '
LTLIBOBJS=''
MAKEINFO='${SHELL} /save/patrick/nosofs.v3.6.6/sorc/FVCOM.fd/FVCOM_source/libs/proj4-fortran-master/missing --run makeinfo'
MKDIR_P='/usr/bin/mkdir -p'
OBJEXT='o'
PACKAGE='libfproj4'
PACKAGE_BUGREPORT='Magnus.Hagdorn@ed.ac.uk'
PACKAGE_NAME='libfproj4'
PACKAGE_STRING='libfproj4 1.0'
PACKAGE_TARNAME='libfproj4'
PACKAGE_VERSION='1.0'
PATH_SEPARATOR=':'
RANLIB='ranlib'
SET_MAKE=''
SHELL='/bin/sh'
STRIP=''
VERSION='1.0'
ac_ct_CC='icc'
ac_ct_FC=''
am__EXEEXT_FALSE=''
am__EXEEXT_TRUE='#'
am__fastdepCC_FALSE='#'
am__fastdepCC_TRUE=''
am__include='include'
am__isrc=''
am__leading_dot='.'
am__quote=''
am__tar='${AMTAR} chof - "$$tardir"'
am__untar='${AMTAR} xf -'
bindir='${exec_prefix}/bin'
build_alias=''
datadir='${datarootdir}'
datarootdir='${prefix}/share'
docdir='${datarootdir}/doc/${PACKAGE_TARNAME}'
dvidir='${docdir}'
exec_prefix='${prefix}'
host_alias=''
htmldir='${docdir}'
includedir='${prefix}/include'
infodir='${datarootdir}/info'
install_sh='${SHELL} /save/patrick/nosofs.v3.6.6/sorc/FVCOM.fd/FVCOM_source/libs/proj4-fortran-master/install-sh'
libdir='${exec_prefix}/lib'
libexecdir='${exec_prefix}/libexec'
localedir='${datarootdir}/locale'
localstatedir='${prefix}/var'
mandir='${datarootdir}/man'
mkdir_p='/usr/bin/mkdir -p'
oldincludedir='/usr/include'
pdfdir='${docdir}'
prefix='/save/patrick/nosofs.v3.6.6/sorc/FVCOM.fd/FVCOM_source/libs/proj4-fortran-master'
program_transform_name='s,x,x,'
psdir='${docdir}'
sbindir='${exec_prefix}/sbin'
sharedstatedir='${prefix}/com'
sysconfdir='${prefix}/etc'
target_alias=''

## ----------- ##
## confdefs.h. ##
## ----------- ##

#define PACKAGE_NAME "libfproj4"
#define PACKAGE_TARNAME "libfproj4"
#define PACKAGE_VERSION "1.0"
#define PACKAGE_STRING "libfproj4 1.0"
#define PACKAGE_BUGREPORT "Magnus.Hagdorn@ed.ac.uk"
#define PACKAGE "libfproj4"
#define VERSION "1.0"
#define HAVE_LIBM 1
#define HAVE_LIBPROJ 1

configure: exit 0
